GitHub Listener running on port 8765
Webhook URL: /webhook
Received push event
Repo: atg_monorepo Branch: Peaches
Push to Peaches by butterber347 (repo: atg_monorepo)
Commits: 1, before: 7964df3177e58118dbbbe9a82a78822c6b1c03f1, after: 24ea4415489b0b8b3ea024a7fd54a20ddc521a42
Latest commit: AI workout: Use actual ATG exercises, prioritize those with time
🛑 Killing previous builds...
📥 Pulling latest from atg_monorepo...
🔥 Triggering ATG iOS build...
No previous builds to kill (or none found)
Telegram response status: 200
Telegram response body: {"ok":true,"result":{"message_id":2854,"from":{"id":8799248997,"is_bot":true,"first_name":"Peanut","username":"Peanut_mini_bot"},"chat":{"id":7145887916,"first_name":"Yacs","last_name":"Man","type":"p
Telegram notification sent successfully
⚠️ Failed to pull atg_monorepo: Command failed: cd "/Users/peanut/.openclaw/workspace/atg_monorepo" && git pull
From https://github.com/caleb654/atg_monorepo
   52859be09..24ea44154  Peaches    -> origin/Peaches
error: Your local changes to the following files would be overwritten by merge:
	client_app/android/build_number.txt
	client_app/ios/build_number.txt
	pubspec.lock
Please commit your changes or stash them before you merge.
Aborting

ATG build FAILED (attempt 1): Build error
⏳ Retrying in 10s...
Telegram response status: 200
Telegram response body: {"ok":true,"result":{"message_id":2856,"from":{"id":8799248997,"is_bot":true,"first_name":"Peanut","username":"Peanut_mini_bot"},"chat":{"id":7145887916,"first_name":"Yacs","last_name":"Man","type":"p
Telegram notification sent successfully
ATG build FAILED (attempt 2): Build error
🤖 Attempt 2 failed. Running AI auto-fix...
🤖 Auto-fix for ATG...
Telegram response status: 200
Telegram response body: {"ok":true,"result":{"message_id":2858,"from":{"id":8799248997,"is_bot":true,"first_name":"Peanut","username":"Peanut_mini_bot"},"chat":{"id":7145887916,"first_name":"Yacs","last_name":"Man","type":"p
Telegram notification sent successfully
Telegram response status: 200
Telegram response body: {"ok":true,"result":{"message_id":2859,"from":{"id":8799248997,"is_bot":true,"first_name":"Peanut","username":"Peanut_mini_bot"},"chat":{"id":7145887916,"first_name":"Yacs","last_name":"Man","type":"p
Telegram notification sent successfully
